// Jest Snapshot v1, https://goo.gl/fbAQLP

exports[`WorkflowCommonStepDescEditor renders correctly 1`] = `
<div>
  <div
    className="flex animated"
  >
    <div
      className="flex-auto"
    >
      <i
        aria-hidden="true"
        className="file alternate outline icon mr1 color-grey"
        onClick={[Function]}
      />
      <b>
        Description
      </b>
    </div>
    <div
      className="pl1 pr0"
      onClick={[Function]}
    >
      <i
        aria-hidden="true"
        className="grey edit icon cursor-pointer"
        onClick={[Function]}
      />
    </div>
  </div>
  <div
    className="ui divider mt1 mb2"
  />
  <div
    className="animated"
  >
    <p>
      test-desc
    </p>
  </div>
</div>
`;
