// Jest Snapshot v1, https://goo.gl/fbAQLP

exports[`WorkflowDraftEditor WorkflowDraftEditor should renders correctly 1`] = `null`;
