// Jest Snapshot v1, https://goo.gl/fbAQLP

exports[`ConfigOverrideTable renders correctly 1`] = `null`;
