// Jest Snapshot v1, https://goo.gl/fbAQLP

exports[`PropertySection renders correctly 1`] = `
<div
  className=""
>
  No properties are available
</div>
`;
