// Jest Snapshot v1, https://goo.gl/fbAQLP

exports[`PropertyTable renders correctly 1`] = `null`;
