// Jest Snapshot v1, https://goo.gl/fbAQLP

exports[`WorkflowTemplatesList WorkflowTemplatesList should renders correctly 1`] = `
<div
  className="ui container mt3"
/>
`;
