// Jest Snapshot v1, https://goo.gl/fbAQLP

exports[`Header renders correctly 1`] = `
<h3
  className="ui header field mt0 mb1"
>
  <label
    className="color-grey"
  />
</h3>
`;
