// Jest Snapshot v1, https://goo.gl/fbAQLP

exports[`TextArea renders correctly 1`] = `
<div
  className="mb4"
>
  <h3
    className="ui header field mt0 mb1"
  >
    <label
      className="color-grey"
    />
  </h3>
  <textarea
    className="field"
    data-testid=""
    disabled={false}
    onChange={[Function]}
    onInput={[Function]}
    rows={5}
  />
</div>
`;
