// Jest Snapshot v1, https://goo.gl/fbAQLP

exports[`WorkflowDetailTabs WorkflowDetailTabs should renders correctly 1`] = `null`;
