// Jest Snapshot v1, https://goo.gl/fbAQLP

exports[`WorkflowDetailPage WorkflowDetailPage should renders correctly 1`] = `
<div
  className="ui container mt3"
>
  <div
    className="ui breadcrumb block mb3"
  >
    <a
      className="section"
      onClick={[Function]}
    >
      Workflows
    </a>
    <i
      aria-hidden="true"
      className="right angle icon divider"
      onClick={[Function]}
    />
    <div
      className="active section"
      onClick={[Function]}
    />
  </div>
  <div
    className="flex mb2"
  >
    <h3
      className="ui grey header mt0 flex-auto ellipsis"
    >
      <div
        className="ui teal label ml0 mr1"
        onClick={[Function]}
      >
        Workflow
      </div>
      test-title
      <div
        className="sub header fs-9 color-grey mt1"
      >
        <div>
          updated 
          <time
            dateTime="1966-02-01T00:00:00.000Z"
            title="Feb 1, 1966 UTC"
          >
            55 years ago
          </time>
           
          <span
            className="ml1"
          >
            by 
            test-getDisplayName
          </span>
        </div>
      </div>
    </h3>
    <div
      className="ml1"
    >
      <span
        className="ellipsis pr1 fs-9 breakout color-grey"
      >
        test-id
      </span>
       
      <span
        className="bold color-grey pr2"
      >
        v
        NaN
      </span>
    </div>
  </div>
  <div
    className="mb3"
  >
    <p>
      test-desc
    </p>
  </div>
</div>
`;
