// Jest Snapshot v1, https://goo.gl/fbAQLP

exports[`WorkflowTemplateStepEditor WorkflowTemplateStepEditor should renders correctly 1`] = `null`;
